../../../../3rdparty/tests/z80/rak/src/z80ccfscr.out