../../../../3rdparty/tests/z80/rak/src/z80flags.out