../../../../3rdparty/tests/z80/rak/src/z80full.out